// Jest Snapshot v1, https://goo.gl/fbAQLP

exports[`Organigram renders views 1`] = `
<div>
  <div
    className="MuiTabs-root-1"
  >
    <div
      className="MuiTabs-flexContainer-2"
    >
      <div
        className="MuiTabs-scroller-4 MuiTabs-fixed-5"
        onScroll={[Function]}
        role="tablist"
        style={
          Object {
            "marginBottom": 0,
          }
        }
      >
        <div
          className="MuiTabs-flexContainer-2 MuiTabs-centered-3"
        >
          <button
            aria-selected={true}
            className="MuiButtonBase-root-22 MuiTab-root-10 MuiTab-textColorPrimary-13 MuiTab-selected-15"
            disabled={false}
            onBlur={[Function]}
            onClick={[Function]}
            onContextMenu={[Function]}
            onFocus={[Function]}
            onKeyDown={[Function]}
            onKeyUp={[Function]}
            onMouseDown={[Function]}
            onMouseLeave={[Function]}
            onMouseUp={[Function]}
            onTouchEnd={[Function]}
            onTouchMove={[Function]}
            onTouchStart={[Function]}
            role="tab"
            tabIndex="0"
            type="button"
          >
            <span
              className="MuiTab-wrapper-18"
            >
              <span
                className="MuiTab-labelContainer-19"
              >
                <span
                  className="MuiTab-label-20"
                >
                  View One
                </span>
              </span>
            </span>
            <span
              className="MuiTouchRipple-root-28"
            />
          </button>
          <button
            aria-selected={false}
            className="MuiButtonBase-root-22 MuiTab-root-10 MuiTab-textColorPrimary-13"
            disabled={false}
            onBlur={[Function]}
            onClick={[Function]}
            onContextMenu={[Function]}
            onFocus={[Function]}
            onKeyDown={[Function]}
            onKeyUp={[Function]}
            onMouseDown={[Function]}
            onMouseLeave={[Function]}
            onMouseUp={[Function]}
            onTouchEnd={[Function]}
            onTouchMove={[Function]}
            onTouchStart={[Function]}
            role="tab"
            tabIndex="0"
            type="button"
          >
            <span
              className="MuiTab-wrapper-18"
            >
              <span
                className="MuiTab-labelContainer-19"
              >
                <span
                  className="MuiTab-label-20"
                >
                  View Two
                </span>
              </span>
            </span>
            <span
              className="MuiTouchRipple-root-28"
            />
          </button>
        </div>
        <span
          className="MuiPrivateTabIndicator-root-25 MuiPrivateTabIndicator-colorPrimary-26 MuiTabs-indicator-9"
          style={
            Object {
              "left": 0,
              "width": 0,
            }
          }
        />
      </div>
    </div>
  </div>
  <div
    style={
      Object {
        "border": "2px solid #000",
        "display": "inline-block",
        "margin": "2em",
        "padding": "1em",
      }
    }
  >
    <h1
      style={
        Object {
          "font-size": "1.5em",
        }
      }
    >
      View One
    </h1>
    <div>
      <div
        style={
          Object {
            "border": "2px solid #000",
            "display": "inline-block",
            "margin": "2em",
            "padding": "1em",
          }
        }
      >
        <h1
          style={
            Object {
              "font-size": "1.5em",
            }
          }
        >
          Small tree
        </h1>
        <div
          style={
            Object {
              "border": "2px solid #000",
              "display": "inline-block",
              "margin": "2em",
              "padding": "1em",
            }
          }
        >
          <h1
            style={
              Object {
                "font-size": "1.5em",
              }
            }
          >
            Person
             
            One
          </h1>
          <h2
            style={
              Object {
                "font-size": "1em",
              }
            }
          >
            no1
          </h2>
        </div>
        <div>
          <div
            style={
              Object {
                "border": "2px solid #000",
                "display": "inline-block",
                "margin": "2em",
                "padding": "1em",
              }
            }
          >
            <h1
              style={
                Object {
                  "font-size": "1.5em",
                }
              }
            >
              Person
               
              Two
            </h1>
            <h2
              style={
                Object {
                  "font-size": "1em",
                }
              }
            >
              no2
            </h2>
          </div>
          <div
            style={
              Object {
                "border": "2px solid #000",
                "display": "inline-block",
                "margin": "2em",
                "padding": "1em",
              }
            }
          >
            <h1
              style={
                Object {
                  "font-size": "1.5em",
                }
              }
            >
              Person
               
              Three
            </h1>
            <h2
              style={
                Object {
                  "font-size": "1em",
                }
              }
            >
              no3
            </h2>
          </div>
        </div>
      </div>
      <div
        style={
          Object {
            "border": "2px solid #000",
            "display": "inline-block",
            "margin": "2em",
            "padding": "1em",
          }
        }
      >
        <h1
          style={
            Object {
              "font-size": "1.5em",
            }
          }
        >
          Big tree
        </h1>
        <div
          style={
            Object {
              "border": "2px solid #000",
              "display": "inline-block",
              "margin": "2em",
              "padding": "1em",
            }
          }
        >
          <h1
            style={
              Object {
                "font-size": "1.5em",
              }
            }
          >
            Person
             
            Four
          </h1>
          <h2
            style={
              Object {
                "font-size": "1em",
              }
            }
          >
            no4
          </h2>
        </div>
        <div>
          <div
            style={
              Object {
                "border": "2px solid #000",
                "display": "inline-block",
                "margin": "2em",
                "padding": "1em",
              }
            }
          >
            <h1
              style={
                Object {
                  "font-size": "1.5em",
                }
              }
            >
              Small tree
            </h1>
            <div
              style={
                Object {
                  "border": "2px solid #000",
                  "display": "inline-block",
                  "margin": "2em",
                  "padding": "1em",
                }
              }
            >
              <h1
                style={
                  Object {
                    "font-size": "1.5em",
                  }
                }
              >
                Person
                 
                One
              </h1>
              <h2
                style={
                  Object {
                    "font-size": "1em",
                  }
                }
              >
                no1
              </h2>
            </div>
            <div>
              <div
                style={
                  Object {
                    "border": "2px solid #000",
                    "display": "inline-block",
                    "margin": "2em",
                    "padding": "1em",
                  }
                }
              >
                <h1
                  style={
                    Object {
                      "font-size": "1.5em",
                    }
                  }
                >
                  Person
                   
                  Two
                </h1>
                <h2
                  style={
                    Object {
                      "font-size": "1em",
                    }
                  }
                >
                  no2
                </h2>
              </div>
              <div
                style={
                  Object {
                    "border": "2px solid #000",
                    "display": "inline-block",
                    "margin": "2em",
                    "padding": "1em",
                  }
                }
              >
                <h1
                  style={
                    Object {
                      "font-size": "1.5em",
                    }
                  }
                >
                  Person
                   
                  Three
                </h1>
                <h2
                  style={
                    Object {
                      "font-size": "1em",
                    }
                  }
                >
                  no3
                </h2>
              </div>
            </div>
          </div>
          <div
            style={
              Object {
                "border": "2px solid #000",
                "display": "inline-block",
                "margin": "2em",
                "padding": "1em",
              }
            }
          >
            <h1
              style={
                Object {
                  "font-size": "1.5em",
                }
              }
            >
              Person
               
              Five
            </h1>
            <h2
              style={
                Object {
                  "font-size": "1em",
                }
              }
            >
              no5
            </h2>
          </div>
        </div>
      </div>
    </div>
  </div>
</div>
`;
