// Jest Snapshot v1, https://goo.gl/fbAQLP

exports[`Person renders views 1`] = `
<div
  className="MuiPaper-root-2 MuiPaper-elevation1-5 MuiPaper-rounded-3 MuiCard-root-1"
>
  <div
    className="MuiCardContent-root-29"
  >
    <h5
      className="MuiTypography-root-30 MuiTypography-h5-46"
    >
      Person
       
      One
    </h5>
    <p
      className="MuiTypography-root-30 MuiTypography-body1-39 MuiTypography-colorTextSecondary-63"
    >
      no1
    </p>
  </div>
</div>
`;
