// Jest Snapshot v1, https://goo.gl/fbAQLP

exports[`Tree renders views 1`] = `
<div
  style={
    Object {
      "border": "2px solid #000",
      "display": "inline-block",
      "margin": "2em",
      "padding": "1em",
    }
  }
>
  <h1
    style={
      Object {
        "font-size": "1.5em",
      }
    }
  >
    Big tree
  </h1>
  <div
    className="MuiPaper-root-2 MuiPaper-elevation1-5 MuiPaper-rounded-3 MuiCard-root-1"
  >
    <div
      className="MuiCardContent-root-29"
    >
      <h5
        className="MuiTypography-root-30 MuiTypography-h5-46"
      >
        Person
         
        Four
      </h5>
      <p
        className="MuiTypography-root-30 MuiTypography-body1-39 MuiTypography-colorTextSecondary-63"
      >
        no4
      </p>
    </div>
  </div>
  <div>
    <div
      style={
        Object {
          "border": "2px solid #000",
          "display": "inline-block",
          "margin": "2em",
          "padding": "1em",
        }
      }
    >
      <h1
        style={
          Object {
            "font-size": "1.5em",
          }
        }
      >
        Small tree
      </h1>
      <div
        className="MuiPaper-root-2 MuiPaper-elevation1-5 MuiPaper-rounded-3 MuiCard-root-1"
      >
        <div
          className="MuiCardContent-root-29"
        >
          <h5
            className="MuiTypography-root-30 MuiTypography-h5-46"
          >
            Person
             
            One
          </h5>
          <p
            className="MuiTypography-root-30 MuiTypography-body1-39 MuiTypography-colorTextSecondary-63"
          >
            no1
          </p>
        </div>
      </div>
      <div>
        <div
          className="MuiPaper-root-2 MuiPaper-elevation1-5 MuiPaper-rounded-3 MuiCard-root-1"
        >
          <div
            className="MuiCardContent-root-29"
          >
            <h5
              className="MuiTypography-root-30 MuiTypography-h5-46"
            >
              Person
               
              Two
            </h5>
            <p
              className="MuiTypography-root-30 MuiTypography-body1-39 MuiTypography-colorTextSecondary-63"
            >
              no2
            </p>
          </div>
        </div>
        <div
          className="MuiPaper-root-2 MuiPaper-elevation1-5 MuiPaper-rounded-3 MuiCard-root-1"
        >
          <div
            className="MuiCardContent-root-29"
          >
            <h5
              className="MuiTypography-root-30 MuiTypography-h5-46"
            >
              Person
               
              Three
            </h5>
            <p
              className="MuiTypography-root-30 MuiTypography-body1-39 MuiTypography-colorTextSecondary-63"
            >
              no3
            </p>
          </div>
        </div>
      </div>
    </div>
    <div
      className="MuiPaper-root-2 MuiPaper-elevation1-5 MuiPaper-rounded-3 MuiCard-root-1"
    >
      <div
        className="MuiCardContent-root-29"
      >
        <h5
          className="MuiTypography-root-30 MuiTypography-h5-46"
        >
          Person
           
          Five
        </h5>
        <p
          className="MuiTypography-root-30 MuiTypography-body1-39 MuiTypography-colorTextSecondary-63"
        >
          no5
        </p>
      </div>
    </div>
  </div>
</div>
`;
